------------------------------------------------------------
Timing Analyzer Summary
------------------------------------------------------------

Type  : Slow 1100mV 85C Model Setup 'RateDivider:rd0|q[0]'
Slack : -10.668
TNS   : -377.978

Type  : Slow 1100mV 85C Model Setup 'CLOCK_50'
Slack : -6.207
TNS   : -790.258

Type  : Slow 1100mV 85C Model Setup 'note_info:ni|vga_RateDivider:vrd0|q[0]'
Slack : -3.073
TNS   : -628.396

Type  : Slow 1100mV 85C Model Setup 'avconf:avc|mI2C_CTRL_CLK'
Slack : -2.566
TNS   : -135.203

Type  : Slow 1100mV 85C Model Setup 'VGA|mypll|altpll_component|auto_generated|generic_pll1~PLL_OUTPUT_COUNTER|divclk'
Slack : 32.138
TNS   : 0.000

Type  : Slow 1100mV 85C Model Hold 'CLOCK_50'
Slack : 0.195
TNS   : 0.000

Type  : Slow 1100mV 85C Model Hold 'avconf:avc|mI2C_CTRL_CLK'
Slack : 0.228
TNS   : 0.000

Type  : Slow 1100mV 85C Model Hold 'VGA|mypll|altpll_component|auto_generated|generic_pll1~PLL_OUTPUT_COUNTER|divclk'
Slack : 0.418
TNS   : 0.000

Type  : Slow 1100mV 85C Model Hold 'RateDivider:rd0|q[0]'
Slack : 0.438
TNS   : 0.000

Type  : Slow 1100mV 85C Model Hold 'note_info:ni|vga_RateDivider:vrd0|q[0]'
Slack : 0.683
TNS   : 0.000

Type  : Slow 1100mV 85C Model Minimum Pulse Width 'note_info:ni|vga_RateDivider:vrd0|q[0]'
Slack : -2.225
TNS   : -472.579

Type  : Slow 1100mV 85C Model Minimum Pulse Width 'avconf:avc|mI2C_CTRL_CLK'
Slack : -0.394
TNS   : -36.714

Type  : Slow 1100mV 85C Model Minimum Pulse Width 'RateDivider:rd0|q[0]'
Slack : -0.394
TNS   : -30.198

Type  : Slow 1100mV 85C Model Minimum Pulse Width 'VGA|mypll|altpll_component|auto_generated|generic_pll1~FRACTIONAL_PLL|vcoph[0]'
Slack : 1.666
TNS   : 0.000

Type  : Slow 1100mV 85C Model Minimum Pulse Width 'CLOCK_50'
Slack : 8.819
TNS   : 0.000

Type  : Slow 1100mV 85C Model Minimum Pulse Width 'VGA|mypll|altpll_component|auto_generated|generic_pll1~PLL_OUTPUT_COUNTER|divclk'
Slack : 18.774
TNS   : 0.000

Type  : Slow 1100mV 0C Model Setup 'RateDivider:rd0|q[0]'
Slack : -10.858
TNS   : -385.621

Type  : Slow 1100mV 0C Model Setup 'CLOCK_50'
Slack : -6.000
TNS   : -746.985

Type  : Slow 1100mV 0C Model Setup 'note_info:ni|vga_RateDivider:vrd0|q[0]'
Slack : -2.999
TNS   : -604.281

Type  : Slow 1100mV 0C Model Setup 'avconf:avc|mI2C_CTRL_CLK'
Slack : -2.526
TNS   : -130.683

Type  : Slow 1100mV 0C Model Setup 'VGA|mypll|altpll_component|auto_generated|generic_pll1~PLL_OUTPUT_COUNTER|divclk'
Slack : 32.482
TNS   : 0.000

Type  : Slow 1100mV 0C Model Hold 'CLOCK_50'
Slack : -0.148
TNS   : -0.337

Type  : Slow 1100mV 0C Model Hold 'avconf:avc|mI2C_CTRL_CLK'
Slack : 0.220
TNS   : 0.000

Type  : Slow 1100mV 0C Model Hold 'VGA|mypll|altpll_component|auto_generated|generic_pll1~PLL_OUTPUT_COUNTER|divclk'
Slack : 0.386
TNS   : 0.000

Type  : Slow 1100mV 0C Model Hold 'RateDivider:rd0|q[0]'
Slack : 0.455
TNS   : 0.000

Type  : Slow 1100mV 0C Model Hold 'note_info:ni|vga_RateDivider:vrd0|q[0]'
Slack : 0.567
TNS   : 0.000

Type  : Slow 1100mV 0C Model Minimum Pulse Width 'note_info:ni|vga_RateDivider:vrd0|q[0]'
Slack : -2.225
TNS   : -472.756

Type  : Slow 1100mV 0C Model Minimum Pulse Width 'avconf:avc|mI2C_CTRL_CLK'
Slack : -0.394
TNS   : -35.893

Type  : Slow 1100mV 0C Model Minimum Pulse Width 'RateDivider:rd0|q[0]'
Slack : -0.394
TNS   : -29.768

Type  : Slow 1100mV 0C Model Minimum Pulse Width 'VGA|mypll|altpll_component|auto_generated|generic_pll1~FRACTIONAL_PLL|vcoph[0]'
Slack : 1.666
TNS   : 0.000

Type  : Slow 1100mV 0C Model Minimum Pulse Width 'CLOCK_50'
Slack : 8.777
TNS   : 0.000

Type  : Slow 1100mV 0C Model Minimum Pulse Width 'VGA|mypll|altpll_component|auto_generated|generic_pll1~PLL_OUTPUT_COUNTER|divclk'
Slack : 18.755
TNS   : 0.000

Type  : Fast 1100mV 85C Model Setup 'RateDivider:rd0|q[0]'
Slack : -5.860
TNS   : -203.342

Type  : Fast 1100mV 85C Model Setup 'CLOCK_50'
Slack : -3.943
TNS   : -511.453

Type  : Fast 1100mV 85C Model Setup 'note_info:ni|vga_RateDivider:vrd0|q[0]'
Slack : -1.586
TNS   : -277.141

Type  : Fast 1100mV 85C Model Setup 'avconf:avc|mI2C_CTRL_CLK'
Slack : -1.252
TNS   : -58.623

Type  : Fast 1100mV 85C Model Setup 'VGA|mypll|altpll_component|auto_generated|generic_pll1~PLL_OUTPUT_COUNTER|divclk'
Slack : 34.300
TNS   : 0.000

Type  : Fast 1100mV 85C Model Hold 'avconf:avc|mI2C_CTRL_CLK'
Slack : 0.068
TNS   : 0.000

Type  : Fast 1100mV 85C Model Hold 'CLOCK_50'
Slack : 0.146
TNS   : 0.000

Type  : Fast 1100mV 85C Model Hold 'RateDivider:rd0|q[0]'
Slack : 0.164
TNS   : 0.000

Type  : Fast 1100mV 85C Model Hold 'VGA|mypll|altpll_component|auto_generated|generic_pll1~PLL_OUTPUT_COUNTER|divclk'
Slack : 0.229
TNS   : 0.000

Type  : Fast 1100mV 85C Model Hold 'note_info:ni|vga_RateDivider:vrd0|q[0]'
Slack : 0.280
TNS   : 0.000

Type  : Fast 1100mV 85C Model Minimum Pulse Width 'note_info:ni|vga_RateDivider:vrd0|q[0]'
Slack : -1.702
TNS   : -333.950

Type  : Fast 1100mV 85C Model Minimum Pulse Width 'RateDivider:rd0|q[0]'
Slack : -0.077
TNS   : -1.159

Type  : Fast 1100mV 85C Model Minimum Pulse Width 'avconf:avc|mI2C_CTRL_CLK'
Slack : 0.049
TNS   : 0.000

Type  : Fast 1100mV 85C Model Minimum Pulse Width 'VGA|mypll|altpll_component|auto_generated|generic_pll1~FRACTIONAL_PLL|vcoph[0]'
Slack : 1.666
TNS   : 0.000

Type  : Fast 1100mV 85C Model Minimum Pulse Width 'CLOCK_50'
Slack : 8.820
TNS   : 0.000

Type  : Fast 1100mV 85C Model Minimum Pulse Width 'VGA|mypll|altpll_component|auto_generated|generic_pll1~PLL_OUTPUT_COUNTER|divclk'
Slack : 18.889
TNS   : 0.000

Type  : Fast 1100mV 0C Model Setup 'RateDivider:rd0|q[0]'
Slack : -5.652
TNS   : -195.010

Type  : Fast 1100mV 0C Model Setup 'CLOCK_50'
Slack : -3.290
TNS   : -425.362

Type  : Fast 1100mV 0C Model Setup 'note_info:ni|vga_RateDivider:vrd0|q[0]'
Slack : -1.317
TNS   : -230.176

Type  : Fast 1100mV 0C Model Setup 'avconf:avc|mI2C_CTRL_CLK'
Slack : -1.099
TNS   : -50.156

Type  : Fast 1100mV 0C Model Setup 'VGA|mypll|altpll_component|auto_generated|generic_pll1~PLL_OUTPUT_COUNTER|divclk'
Slack : 35.031
TNS   : 0.000

Type  : Fast 1100mV 0C Model Hold 'avconf:avc|mI2C_CTRL_CLK'
Slack : 0.052
TNS   : 0.000

Type  : Fast 1100mV 0C Model Hold 'CLOCK_50'
Slack : 0.136
TNS   : 0.000

Type  : Fast 1100mV 0C Model Hold 'RateDivider:rd0|q[0]'
Slack : 0.151
TNS   : 0.000

Type  : Fast 1100mV 0C Model Hold 'VGA|mypll|altpll_component|auto_generated|generic_pll1~PLL_OUTPUT_COUNTER|divclk'
Slack : 0.204
TNS   : 0.000

Type  : Fast 1100mV 0C Model Hold 'note_info:ni|vga_RateDivider:vrd0|q[0]'
Slack : 0.212
TNS   : 0.000

Type  : Fast 1100mV 0C Model Minimum Pulse Width 'note_info:ni|vga_RateDivider:vrd0|q[0]'
Slack : -1.702
TNS   : -332.905

Type  : Fast 1100mV 0C Model Minimum Pulse Width 'RateDivider:rd0|q[0]'
Slack : -0.027
TNS   : -0.287

Type  : Fast 1100mV 0C Model Minimum Pulse Width 'avconf:avc|mI2C_CTRL_CLK'
Slack : 0.075
TNS   : 0.000

Type  : Fast 1100mV 0C Model Minimum Pulse Width 'VGA|mypll|altpll_component|auto_generated|generic_pll1~FRACTIONAL_PLL|vcoph[0]'
Slack : 1.666
TNS   : 0.000

Type  : Fast 1100mV 0C Model Minimum Pulse Width 'CLOCK_50'
Slack : 8.811
TNS   : 0.000

Type  : Fast 1100mV 0C Model Minimum Pulse Width 'VGA|mypll|altpll_component|auto_generated|generic_pll1~PLL_OUTPUT_COUNTER|divclk'
Slack : 18.888
TNS   : 0.000

------------------------------------------------------------
